
> lawra-marketplace-frontend@1.0.0 build
> next build

Ôû▓ Next.js 16.2.3 (Turbopack)
- Environments: .env.local

  Creating an optimized production build ...
Ô£ô Compiled successfully in 27.2s
  Running TypeScript ...
node.exe : Failed to type check.
At line:1 char:1
+ & "C:\Program Files\nodejs/node.exe" "C:\Program Files\nodejs/node_mo ...
+ ~~~~~~~~~~~~~~~~~~~~~~~~~~~~~~~~~~~~~~~~~~~~~~~~~~~~~~~~~~~~~~~~~~~~~
    + CategoryInfo          : NotSpecified: (Failed to type check.:String) [], 
    RemoteException
    + FullyQualifiedErrorId : NativeCommandError
 

./components/features/FeaturedListingsComponent.tsx:141:51
Type error: Type 'string | FieldError | Merge<FieldError, 
FieldErrorsImpl<any>> | undefined' is not assignable to type 'ReactNode'.
  Type 'FieldError' is not assignable to type 'ReactNode'.
    Type 'FieldError' is missing the following properties from type 
'ReactPortal': children, props, key

  [90m139 |[0m             </select>
  [90m140 |[0m             {errors.duration && (
[31m[1m>[0m [90m141 |[0m               <p className=[32m"text-red-500 
text-sm"[0m>{errors.duration.message}</p>
  [90m    |[0m                                                   
[31m[1m^[0m
  [90m142 |[0m             )}
  [90m143 |[0m           </div>
  [90m144 |[0m
Next.js build worker exited with code: 1 and signal: null
